// Jest Snapshot v1, https://goo.gl/fbAQLP

exports[`renders correctly 1`] = `
<Text
  style={
    [
      {
        "fontFamily": "Inter-Regular",
        "fontSize": 16,
        "lineHeight": 24,
      },
      {
        "color": "#0f172a",
      },
      [
        undefined,
        {
          "fontFamily": "space-mono",
        },
      ],
    ]
  }
  testID="ds-text"
>
  Snapshot test!
</Text>
`;
